// Jest Snapshot v1, https://goo.gl/fbAQLP

exports[`Prueba de GifItem Debe hacer match con el snapshot 1`] = `
<div>
  <div
    class="card"
  >
    <img
      alt="Hola soy un titulo"
      src="https://media4.giphy.com/media/l3vRlt8kty8KKeHni/giphy.gif?cid=790b7611e464637aa4f68dcd0ae2195408b5514d9a482640&rid=giphy.gif&ct=g"
    />
    <p>
      Hola soy un titulo
    </p>
  </div>
</div>
`;
